// Jest Snapshot v1, https://goo.gl/fbAQLP

exports[`escape test escape component props 1`] = `
"\\"use strict\\";

Object.defineProperty(exports, \\"__esModule\\", {
  value: true
});
exports.source = exports.default = void 0;

var _react = _interopRequireDefault(require(\\"react\\"));

function _interopRequireDefault(obj) { return obj && obj.__esModule ? obj : { default: obj }; }

function _typeof(obj) { if (typeof Symbol === \\"function\\" && typeof Symbol.iterator === \\"symbol\\") { _typeof = function _typeof(obj) { return typeof obj; }; } else { _typeof = function _typeof(obj) { return obj && typeof Symbol === \\"function\\" && obj.constructor === Symbol && obj !== Symbol.prototype ? \\"symbol\\" : typeof obj; }; } return _typeof(obj); }

function _classCallCheck(instance, Constructor) { if (!(instance instanceof Constructor)) { throw new TypeError(\\"Cannot call a class as a function\\"); } }

function _defineProperties(target, props) { for (var i = 0; i < props.length; i++) { var descriptor = props[i]; descriptor.enumerable = descriptor.enumerable || false; descriptor.configurable = true; if (\\"value\\" in descriptor) descriptor.writable = true; Object.defineProperty(target, descriptor.key, descriptor); } }

function _createClass(Constructor, protoProps, staticProps) { if (protoProps) _defineProperties(Constructor.prototype, protoProps); if (staticProps) _defineProperties(Constructor, staticProps); return Constructor; }

function _possibleConstructorReturn(self, call) { if (call && (_typeof(call) === \\"object\\" || typeof call === \\"function\\")) { return call; } if (self === void 0) { throw new ReferenceError(\\"this hasn't been initialised - super() hasn't been called\\"); } return self; }

function _inherits(subClass, superClass) { if (typeof superClass !== \\"function\\" && superClass !== null) { throw new TypeError(\\"Super expression must either be null or a function\\"); } subClass.prototype = Object.create(superClass && superClass.prototype, { constructor: { value: subClass, enumerable: false, writable: true, configurable: true } }); if (superClass) Object.setPrototypeOf ? Object.setPrototypeOf(subClass, superClass) : subClass.__proto__ = superClass; }

var Test =
/*#__PURE__*/
function (_React$Component) {
  _inherits(Test, _React$Component);

  function Test() {
    _classCallCheck(this, Test);

    return _possibleConstructorReturn(this, (Test.__proto__ || Object.getPrototypeOf(Test)).apply(this, arguments));
  }

  _createClass(Test, [{
    key: \\"render\\",
    value: function render() {
      var name = 'sfdaf';
      return _react.default.createElement(\\"div\\", {
        pr: \\"/safsdf/\\".concat(name)
      }, \\"asdf\\");
    }
  }]);

  return Test;
}(_react.default.Component);

exports.default = Test;
var source = \\"import%20React%20from%20%27react%27%3B%0A%0Aexport%20default%20class%20Test%20extends%20React.Component%20%7B%0A%20%20render%28%29%20%7B%0A%20%20%20%20const%20name%20%3D%20%27sfdaf%27%3B%0A%20%20%20%20return%20%28%0A%20%20%20%20%20%20%3Cdiv%20pr%3D%7B%60/safsdf/%24%7Bname%7D%60%7D%3E%0A%20%20%20%20%20%20%20%20asdf%0A%20%20%20%20%20%20%3C/div%3E%0A%20%20%20%20%29%0A%20%20%7D%0A%7D%0A\\";
exports.source = source;"
`;

exports[`escape test escape loader 1`] = `
"const a = 1;
export default a;

// \`escape \`two

export var source = \\"const%20a%20%3D%201%3B%0Aexport%20default%20a%3B%0A%0A//%20%60escape%20%60two%0A\\""
`;
